ARM Linker, 4.1 [Build 567] [Evaluation]

==============================================================================

Section Cross References

    target.o(.text) refers to os_core.o(.text) for OSTimeTick
    target.o(.text) refers to rand.o(.text) for srand
    target.o(.text) refers to aeabi_sdiv.o(.text_udiv) for __aeabi_uidivmod
    target.o(.text) refers to irq.o(IRQ) for IRQ_Handler
    main.o(.text) refers to aeabi_sdiv.o(.text_udiv) for __aeabi_uidivmod
    main.o(.text) refers to rt_memcpy_w.o(.text) for __aeabi_memcpy4
    main.o(.text) refers to os_q.o(.text) for OSQPend
    main.o(.text) refers to os_time.o(.text) for OSTimeDly
    main.o(.text) refers to os_core.o(.text) for OSInit
    main.o(.text) refers to os_task.o(.text) for OSTaskCreate
    main.o(.text) refers to main.o(.constdata) for .constdata
    main.o(.text) refers to main.o(.data) for Message_Queue1
    main.o(.text) refers to main.o(.bss) for Task1Stack
    main.o(.data) refers to main.o(.conststring) for .conststring
    irq.o(IRQ) refers to target.o(.text) for IRQ_Exception
    irq.o(IRQ) refers to os_core.o(.text) for OSIntExit
    irq.o(IRQ) refers to os_core.o(.data) for OSIntNesting
    irq.o(IRQ) refers to startup.o(Stacks) for StackUsr
    irq.o(IRQ) refers to os_cpu_c.o(.data) for OsEnterSum
    irq.o(IRQ) refers to os_cpu_a.o(subr) for OSIntCtxSw
    startup.o(vectors) refers to os_cpu_a.o(subr) for SoftwareInterrupt
    startup.o(vectors) refers to target.o(.text) for FIQ_Exception
    startup.o(vectors) refers to __main.o(!!!main) for __main
    startup.o(vectors) refers to startup.o(MyStacks) for IrqStackSpace
    startup.o(vectors) refers to startup.o(Stacks) for StackUsr
    startup.o(vectors) refers to startup.o(Heap) for bottom_of_heap
    os_core.o(.text) refers to os_time.o(.text) for OSTimeDly
    os_core.o(.text) refers to aeabi_sdiv.o(.text_udiv) for __aeabi_uidivmod
    os_core.o(.text) refers to os_cpu_c.o(.text) for OSTaskStatHook
    os_core.o(.text) refers to os_task.o(.text) for OSTaskCreateExt
    os_core.o(.text) refers to os_flag.o(.text) for OS_FlagInit
    os_core.o(.text) refers to os_mem.o(.text) for OS_MemInit
    os_core.o(.text) refers to os_q.o(.text) for OS_QInit
    os_core.o(.text) refers to os_core.o(.data) for OSStatRdy
    os_core.o(.text) refers to os_core.o(.bss) for OSTaskStatStk
    os_core.o(.text) refers to os_core.o(.constdata) for OSUnMapTbl
    os_flag.o(.text) refers to os_core.o(.text) for OS_Sched
    os_flag.o(.text) refers to os_core.o(.data) for OSIntNesting
    os_flag.o(.text) refers to os_core.o(.bss) for OSFlagTbl
    os_mbox.o(.text) refers to os_core.o(.text) for OS_EventWaitListInit
    os_mbox.o(.text) refers to os_core.o(.data) for OSIntNesting
    os_mem.o(.text) refers to os_core.o(.data) for OSMemFreeList
    os_mem.o(.text) refers to os_core.o(.bss) for OSMemTbl
    os_mutex.o(.text) refers to os_core.o(.text) for OS_EventWaitListInit
    os_mutex.o(.text) refers to os_core.o(.data) for OSIntNesting
    os_mutex.o(.text) refers to os_core.o(.bss) for OSTCBPrioTbl
    os_mutex.o(.text) refers to os_core.o(.constdata) for OSMapTbl
    os_q.o(.text) refers to os_core.o(.text) for OS_EventWaitListInit
    os_q.o(.text) refers to os_core.o(.data) for OSIntNesting
    os_q.o(.text) refers to os_core.o(.bss) for OSQTbl
    os_sem.o(.text) refers to os_core.o(.text) for OS_EventWaitListInit
    os_sem.o(.text) refers to os_core.o(.data) for OSIntNesting
    os_task.o(.text) refers to os_core.o(.text) for OS_Sched
    os_task.o(.text) refers to os_cpu_c.o(.text) for OSTaskStkInit
    os_task.o(.text) refers to rt_memclr_w.o(.text) for __aeabi_memclr4
    os_task.o(.text) refers to os_flag.o(.text) for OS_FlagUnlink
    os_task.o(.text) refers to rt_memcpy_w.o(.text) for __aeabi_memcpy4
    os_task.o(.text) refers to os_core.o(.bss) for OSTCBPrioTbl
    os_task.o(.text) refers to os_core.o(.constdata) for OSMapTbl
    os_task.o(.text) refers to os_core.o(.data) for OSTCBCur
    os_time.o(.text) refers to os_core.o(.text) for OS_Sched
    os_time.o(.text) refers to aeabi_sdiv.o(.text_udiv) for __aeabi_uidivmod
    os_time.o(.text) refers to os_core.o(.data) for OSTCBCur
    os_time.o(.text) refers to os_core.o(.bss) for OSTCBPrioTbl
    os_cpu_c.o(.text) refers to os_cpu_c.o(.data) for OsEnterSum
    os_cpu_c.o(.text) refers to os_core.o(.bss) for OSTCBPrioTbl
    os_cpu_a.o(subr) refers to os_cpu_c.o(.text) for SWI_Exception
    os_cpu_a.o(subr) refers to os_cpu_a.o(SWIStacks) for SvcStackSpace
    os_cpu_a.o(subr) refers to os_cpu_c.o(.data) for OsEnterSum
    os_cpu_a.o(subr) refers to os_core.o(.data) for OSTCBCur
    rand.o(.emb_text) refers (Special) to libinit2.o(.ARM.Collect$$libinit$$00000009) for __rt_lib_init_rand_2
    rand.o(.emb_text) refers to rand.o(.text) for _rand_init
    rand.o(.emb_text) refers to rand.o(.bss) for _random_number_data
    rand.o(.text) refers (Special) to libinit2.o(.ARM.Collect$$libinit$$00000009) for __rt_lib_init_rand_2
    rand.o(.text) refers to rand.o(.bss) for .bss
    rand.o(.bss) refers (Special) to libinit2.o(.ARM.Collect$$libinit$$00000009) for __rt_lib_init_rand_2
    aeabi_sdiv.o(.text_udiv) refers to aeabi_sdiv.o(.text) for __arm_div2
    aeabi_sdiv_div0.o(.text_udiv) refers to aeabi_sdiv_div0.o(.text) for __arm_div2
    __main.o(!!!main) refers to rtentry.o(.ARM.Collect$$rtentry$$00000000) for __rt_entry
    rtentry.o(.ARM.Collect$$rtentry$$00000000) refers (Special) to rtentry2.o(.ARM.Collect$$rtentry$$0000000A) for __rt_entry_li
    rtentry.o(.ARM.Collect$$rtentry$$00000000) refers (Special) to rtentry2.o(.ARM.Collect$$rtentry$$0000000D) for __rt_entry_main
    rtentry.o(.ARM.Collect$$rtentry$$00000000) refers (Special) to rtentry2.o(.ARM.Collect$$rtentry$$0000000C) for __rt_entry_postli_1
    rtentry.o(.ARM.Collect$$rtentry$$00000000) refers (Special) to rtentry2.o(.ARM.Collect$$rtentry$$00000009) for __rt_entry_postsh_1
    rtentry.o(.ARM.Collect$$rtentry$$00000000) refers (Special) to rtentry2.o(.ARM.Collect$$rtentry$$00000002) for __rt_entry_presh_1
    rtentry.o(.ARM.Collect$$rtentry$$00000000) refers (Special) to rtentry4.o(.ARM.Collect$$rtentry$$00000004) for __rt_entry_sh
    rtentry.o(.ARM.exidx) refers (Special) to rtentry2.o(.ARM.Collect$$rtentry$$0000000A) for __rt_entry_li
    rtentry.o(.ARM.exidx) refers (Special) to rtentry2.o(.ARM.Collect$$rtentry$$0000000D) for __rt_entry_main
    rtentry.o(.ARM.exidx) refers (Special) to rtentry2.o(.ARM.Collect$$rtentry$$0000000C) for __rt_entry_postli_1
    rtentry.o(.ARM.exidx) refers (Special) to rtentry2.o(.ARM.Collect$$rtentry$$00000009) for __rt_entry_postsh_1
    rtentry.o(.ARM.exidx) refers (Special) to rtentry2.o(.ARM.Collect$$rtentry$$00000002) for __rt_entry_presh_1
    rtentry.o(.ARM.exidx) refers (Special) to rtentry4.o(.ARM.Collect$$rtentry$$00000004) for __rt_entry_sh
    rtentry.o(.ARM.exidx) refers to rtentry.o(.ARM.Collect$$rtentry$$00000000) for .ARM.Collect$$rtentry$$00000000
    aeabi_idiv0_sigfpe.o(.text) refers to startup.o(vectors) for __rt_div0
    libinit2.o(.ARM.Collect$$libinit$$00000009) refers (Weak) to rand.o(.text) for _rand_init
    libinit2.o(.ARM.Collect$$libinit$$0000000C) refers to libinit2.o(.ARM.Collect$$libinit$$0000000B) for .ARM.Collect$$libinit$$0000000B
    libinit2.o(.ARM.Collect$$libinit$$0000000E) refers to libinit2.o(.ARM.Collect$$libinit$$0000000B) for .ARM.Collect$$libinit$$0000000B
    libinit2.o(.ARM.Collect$$libinit$$00000010) refers to libinit2.o(.ARM.Collect$$libinit$$0000000B) for .ARM.Collect$$libinit$$0000000B
    libinit2.o(.ARM.Collect$$libinit$$00000012) refers to libinit2.o(.ARM.Collect$$libinit$$0000000B) for .ARM.Collect$$libinit$$0000000B
    libinit2.o(.ARM.Collect$$libinit$$00000014) refers to libinit2.o(.ARM.Collect$$libinit$$0000000B) for .ARM.Collect$$libinit$$0000000B
    libinit2.o(.ARM.Collect$$libinit$$00000022) refers to argv_veneer.o(.emb_text) for __ARM_argv_veneer
    libinit2.o(.ARM.Collect$$libinit$$00000023) refers to argv_veneer.o(.emb_text) for __ARM_argv_veneer
    rtentry2.o(.ARM.Collect$$rtentry$$00000008) refers to boardinit2.o(.text) for _platform_post_stackheap_init
    rtentry2.o(.ARM.Collect$$rtentry$$0000000A) refers to libinit.o(.ARM.Collect$$libinit$$00000000) for __rt_lib_init
    rtentry2.o(.ARM.Collect$$rtentry$$0000000B) refers to boardinit3.o(.text) for _platform_post_lib_init
    rtentry2.o(.ARM.Collect$$rtentry$$0000000D) refers to exit.o(.text) for exit
    rtentry2.o(.ARM.Collect$$rtentry$$0000000D) refers to main.o(.text) for main
    rtentry2.o(.ARM.exidx) refers to rtentry2.o(.ARM.Collect$$rtentry$$00000001) for .ARM.Collect$$rtentry$$00000001
    rtentry2.o(.ARM.exidx) refers to rtentry2.o(.ARM.Collect$$rtentry$$00000002) for .ARM.Collect$$rtentry$$00000002
    rtentry2.o(.ARM.exidx) refers to rtentry2.o(.ARM.Collect$$rtentry$$00000008) for .ARM.Collect$$rtentry$$00000008
    rtentry2.o(.ARM.exidx) refers to rtentry2.o(.ARM.Collect$$rtentry$$00000009) for .ARM.Collect$$rtentry$$00000009
    rtentry2.o(.ARM.exidx) refers to rtentry2.o(.ARM.Collect$$rtentry$$0000000A) for .ARM.Collect$$rtentry$$0000000A
    rtentry2.o(.ARM.exidx) refers to rtentry2.o(.ARM.Collect$$rtentry$$0000000B) for .ARM.Collect$$rtentry$$0000000B
    rtentry2.o(.ARM.exidx) refers to rtentry2.o(.ARM.Collect$$rtentry$$0000000C) for .ARM.Collect$$rtentry$$0000000C
    rtentry2.o(.ARM.exidx) refers to rtentry2.o(.ARM.Collect$$rtentry$$0000000D) for .ARM.Collect$$rtentry$$0000000D
    rtentry4.o(.ARM.Collect$$rtentry$$00000004) refers to sys_stackheap_outer.o(.text) for __user_setup_stackheap
    rtentry4.o(.ARM.exidx) refers to rtentry4.o(.ARM.Collect$$rtentry$$00000004) for .ARM.Collect$$rtentry$$00000004
    argv_veneer.o(.emb_text) refers to no_argv.o(.text) for __ARM_get_argv
    sys_stackheap_outer.o(.text) refers to libspace.o(.text) for __user_perproc_libspace
    sys_stackheap_outer.o(.text) refers to startup.o(vectors) for __user_initial_stackheap
    exit.o(.text) refers to rtexit.o(.ARM.Collect$$rtexit$$00000000) for __rt_exit
    _get_argv_nomalloc.o(.text) refers (Special) to hrguard.o(.text) for __heap_region$guard
    _get_argv_nomalloc.o(.text) refers to defsig_rtmem_outer.o(.text) for __rt_SIGRTMEM
    _get_argv_nomalloc.o(.text) refers to sys_command.o(.text) for _sys_command_string
    libinit.o(.ARM.Collect$$libinit$$00000000) refers (Special) to libinit2.o(.ARM.Collect$$libinit$$0000002A) for __rt_lib_init_alloca_1
    libinit.o(.ARM.Collect$$libinit$$00000000) refers (Special) to libinit2.o(.ARM.Collect$$libinit$$00000028) for __rt_lib_init_argv_1
    libinit.o(.ARM.Collect$$libinit$$00000000) refers (Special) to libinit2.o(.ARM.Collect$$libinit$$00000017) for __rt_lib_init_atexit_1
    libinit.o(.ARM.Collect$$libinit$$00000000) refers (Special) to libinit2.o(.ARM.Collect$$libinit$$0000001D) for __rt_lib_init_clock_1
    libinit.o(.ARM.Collect$$libinit$$00000000) refers (Special) to libinit2.o(.ARM.Collect$$libinit$$0000002E) for __rt_lib_init_cpp_1
    libinit.o(.ARM.Collect$$libinit$$00000000) refers (Special) to libinit2.o(.ARM.Collect$$libinit$$0000002C) for __rt_lib_init_exceptions_1
    libinit.o(.ARM.Collect$$libinit$$00000000) refers (Special) to libinit2.o(.ARM.Collect$$libinit$$0000001B) for __rt_lib_init_fp_trap_1
    libinit.o(.ARM.Collect$$libinit$$00000000) refers (Special) to libinit2.o(.ARM.Collect$$libinit$$0000001F) for __rt_lib_init_getenv_1
    libinit.o(.ARM.Collect$$libinit$$00000000) refers (Special) to libinit2.o(.ARM.Collect$$libinit$$00000006) for __rt_lib_init_heap_1
    libinit.o(.ARM.Collect$$libinit$$00000000) refers (Special) to libinit2.o(.ARM.Collect$$libinit$$0000000D) for __rt_lib_init_lc_collate_1
    libinit.o(.ARM.Collect$$libinit$$00000000) refers (Special) to libinit2.o(.ARM.Collect$$libinit$$0000000F) for __rt_lib_init_lc_ctype_1
    libinit.o(.ARM.Collect$$libinit$$00000000) refers (Special) to libinit2.o(.ARM.Collect$$libinit$$00000011) for __rt_lib_init_lc_monetary_1
    libinit.o(.ARM.Collect$$libinit$$00000000) refers (Special) to libinit2.o(.ARM.Collect$$libinit$$00000013) for __rt_lib_init_lc_numeric_1
    libinit.o(.ARM.Collect$$libinit$$00000000) refers (Special) to libinit2.o(.ARM.Collect$$libinit$$00000015) for __rt_lib_init_lc_time_1
    libinit.o(.ARM.Collect$$libinit$$00000000) refers (Special) to libinit2.o(.ARM.Collect$$libinit$$0000000A) for __rt_lib_init_rand_1
    libinit.o(.ARM.Collect$$libinit$$00000000) refers (Special) to libinit2.o(.ARM.Collect$$libinit$$0000002F) for __rt_lib_init_return
    libinit.o(.ARM.Collect$$libinit$$00000000) refers (Special) to libinit2.o(.ARM.Collect$$libinit$$00000019) for __rt_lib_init_signal_1
    libinit.o(.ARM.Collect$$libinit$$00000000) refers (Special) to libinit2.o(.ARM.Collect$$libinit$$00000021) for __rt_lib_init_stdio_1
    libinit.o(.ARM.Collect$$libinit$$00000000) refers (Special) to libinit2.o(.ARM.Collect$$libinit$$00000008) for __rt_lib_init_user_alloc_1
    libinit.o(.ARM.Collect$$libinit$$00000000) refers to fpinit.o(x$fpl$fpinit) for _fp_init
    sys_command.o(.text) refers (Special) to use_no_semi.o(.text) for __I$use$semihosting
    libspace.o(.text) refers to libspace.o(.bss) for __libspace_start
    rtexit.o(.ARM.Collect$$rtexit$$00000000) refers (Special) to rtexit2.o(.ARM.Collect$$rtexit$$00000004) for __rt_exit_exit
    rtexit.o(.ARM.Collect$$rtexit$$00000000) refers (Special) to rtexit2.o(.ARM.Collect$$rtexit$$00000003) for __rt_exit_ls
    rtexit.o(.ARM.Collect$$rtexit$$00000000) refers (Special) to rtexit2.o(.ARM.Collect$$rtexit$$00000002) for __rt_exit_prels_1
    rtexit.o(.ARM.exidx) refers (Special) to rtexit2.o(.ARM.Collect$$rtexit$$00000004) for __rt_exit_exit
    rtexit.o(.ARM.exidx) refers (Special) to rtexit2.o(.ARM.Collect$$rtexit$$00000003) for __rt_exit_ls
    rtexit.o(.ARM.exidx) refers (Special) to rtexit2.o(.ARM.Collect$$rtexit$$00000002) for __rt_exit_prels_1
    rtexit.o(.ARM.exidx) refers to rtexit.o(.ARM.Collect$$rtexit$$00000000) for .ARM.Collect$$rtexit$$00000000
    defsig_rtmem_outer.o(.text) refers to defsig_rtmem_inner.o(.text) for __rt_SIGRTMEM_inner
    defsig_rtmem_outer.o(.text) refers to defsig_exit.o(.text) for __sig_exit
    defsig_rtmem_formal.o(.text) refers to rt_raise.o(.text) for __rt_raise
    fpinit.o(x$fpl$fpinit) refers to rt_fp_status_addr_intlibspace.o(.text) for __rt_fp_status_addr
    rtexit2.o(.ARM.Collect$$rtexit$$00000003) refers to libshutdown.o(.ARM.Collect$$libshutdown$$00000000) for __rt_lib_shutdown
    rtexit2.o(.ARM.Collect$$rtexit$$00000004) refers to sys_exit.o(.text) for _sys_exit
    rtexit2.o(.ARM.exidx) refers to rtexit2.o(.ARM.Collect$$rtexit$$00000001) for .ARM.Collect$$rtexit$$00000001
    rtexit2.o(.ARM.exidx) refers to rtexit2.o(.ARM.Collect$$rtexit$$00000002) for .ARM.Collect$$rtexit$$00000002
    rtexit2.o(.ARM.exidx) refers to rtexit2.o(.ARM.Collect$$rtexit$$00000003) for .ARM.Collect$$rtexit$$00000003
    rtexit2.o(.ARM.exidx) refers to rtexit2.o(.ARM.Collect$$rtexit$$00000004) for .ARM.Collect$$rtexit$$00000004
    rt_raise.o(.text) refers to __raise.o(.text) for __raise
    rt_raise.o(.text) refers to sys_exit.o(.text) for _sys_exit
    rt_fp_status_addr.o(.text) refers to rt_fp_status_addr.o(.bss) for __rt_fp_status_addr_data
    rt_fp_status_addr_intlibspace.o(.text) refers to libspace.o(.bss) for __libspace_start
    defsig_exit.o(.text) refers to sys_exit.o(.text) for _sys_exit
    defsig_rtmem_inner.o(.text) refers to defsig_general.o(.text) for __default_signal_display
    sys_exit.o(.text) refers (Special) to use_no_semi.o(.text) for __I$use$semihosting
    __raise.o(.text) refers to __raise.o(i.__ARM_common_call_via_r2) for __ARM_common_call_via_r2
    __raise.o(.text) refers to defsig.o(CL$$defsig) for __default_signal_handler
    defsig_general.o(.text) refers to sys_wrch.o(.text) for _ttywrch
    libshutdown.o(.ARM.Collect$$libshutdown$$00000000) refers (Special) to libshutdown2.o(.ARM.Collect$$libshutdown$$00000006) for __rt_lib_shutdown_fp_trap_1
    libshutdown.o(.ARM.Collect$$libshutdown$$00000000) refers (Special) to libshutdown2.o(.ARM.Collect$$libshutdown$$0000000E) for __rt_lib_shutdown_heap_1
    libshutdown.o(.ARM.Collect$$libshutdown$$00000000) refers (Special) to libshutdown2.o(.ARM.Collect$$libshutdown$$0000000F) for __rt_lib_shutdown_return
    libshutdown.o(.ARM.Collect$$libshutdown$$00000000) refers (Special) to libshutdown2.o(.ARM.Collect$$libshutdown$$00000009) for __rt_lib_shutdown_signal_1
    libshutdown.o(.ARM.Collect$$libshutdown$$00000000) refers (Special) to libshutdown2.o(.ARM.Collect$$libshutdown$$00000003) for __rt_lib_shutdown_stdio_1
    libshutdown.o(.ARM.Collect$$libshutdown$$00000000) refers (Special) to libshutdown2.o(.ARM.Collect$$libshutdown$$0000000B) for __rt_lib_shutdown_user_alloc_1
    sys_wrch.o(.text) refers (Special) to use_no_semi.o(.text) for __I$use$semihosting
    defsig.o(CL$$defsig) refers to defsig_rtmem_inner.o(.text) for __rt_SIGRTMEM_inner
    defsig_abrt_inner.o(.text) refers to defsig_general.o(.text) for __default_signal_display
    defsig_fpe_inner.o(.text) refers to defsig_general.o(.text) for __default_signal_display
    defsig_rtred_inner.o(.text) refers to defsig_general.o(.text) for __default_signal_display
    defsig_stak_inner.o(.text) refers to defsig_general.o(.text) for __default_signal_display
    defsig_pvfn_inner.o(.text) refers to defsig_general.o(.text) for __default_signal_display
    defsig_cppl_inner.o(.text) refers to defsig_general.o(.text) for __default_signal_display
    defsig_segv_inner.o(.text) refers to defsig_general.o(.text) for __default_signal_display
    defsig_other.o(.text) refers to defsig_general.o(.text) for __default_signal_display


==============================================================================

Removing Unused input sections from the image.

    Removing os_mbox.o(.text), (1344 bytes).
    Removing os_mutex.o(.text), (2220 bytes).
    Removing os_sem.o(.text), (1112 bytes).

3 unused section(s) (total 4676 bytes) removed from the image.

==============================================================================

Adding Veneers to the image

    Adding AT veneer (8 bytes, Inline) for call to '__rt_lib_init' from rtentry2.o(.ARM.Collect$$rtentry$$0000000A).
    Adding AT veneer (8 bytes, Inline) for call to '__rt_lib_shutdown' from rtexit2.o(.ARM.Collect$$rtexit$$00000003).
    Adding TA veneer (4 bytes, Inline) for call to '__rt_exit' from exit.o(.text).
    Adding AT veneer (8 bytes, Inline) for call to 'srand' from target.o(.text).
    Adding AT veneer (8 bytes, Inline) for call to '_sys_exit' from rtexit2.o(.ARM.Collect$$rtexit$$00000004).
    Adding TA veneer (4 bytes, Inline) for call to '_fp_init' from libinit.o(.ARM.Collect$$libinit$$00000000).

6 Veneer(s) (total 40 bytes) added to the image.

==============================================================================

Image Symbol Table

    Local Symbols

    Symbol Name                              Value     Ov Type        Size  Object(Section)

    vectors                                  0x00000000   Section      192  startup.o(vectors)
    ../../angel/boardlib.s                   0x00000000   Number         0  boardinit1.o ABSOLUTE
    ../../angel/boardlib.s                   0x00000000   Number         0  boardinit2.o ABSOLUTE
    ../../angel/boardlib.s                   0x00000000   Number         0  boardshut.o ABSOLUTE
    ../../angel/boardlib.s                   0x00000000   Number         0  boardinit3.o ABSOLUTE
    ../../angel/handlers.s                   0x00000000   Number         0  __scatter_zi.o ABSOLUTE
    ../../angel/handlers.s                   0x00000000   Number         0  __scatter_copy.o ABSOLUTE
    ../../angel/kernel.s                     0x00000000   Number         0  rtexit.o ABSOLUTE
    ../../angel/kernel.s                     0x00000000   Number         0  rtentry.o ABSOLUTE
    ../../angel/kernel.s                     0x00000000   Number         0  rtexit2.o ABSOLUTE
    ../../angel/kernel.s                     0x00000000   Number         0  rtentry4.o ABSOLUTE
    ../../angel/kernel.s                     0x00000000   Number         0  rtentry2.o ABSOLUTE
    ../../angel/rt.s                         0x00000000   Number         0  aeabi_idiv0.o ABSOLUTE
    ../../angel/rt.s                         0x00000000   Number         0  aeabi_idiv0_sigfpe.o ABSOLUTE
    ../../angel/rt.s                         0x00000000   Number         0  rt_raise.o ABSOLUTE
    ../../angel/rt.s                         0x00000000   Number         0  rt_fp_status_addr.o ABSOLUTE
    ../../angel/rt.s                         0x00000000   Number         0  rt_fp_status_addr_intlibspace.o ABSOLUTE
    ../../angel/scatter.s                    0x00000000   Number         0  __scatter.o ABSOLUTE
    ../../angel/startup.s                    0x00000000   Number         0  __main.o ABSOLUTE
    ../../angel/sys.s                        0x00000000   Number         0  libspace.o ABSOLUTE
    ../../angel/sys.s                        0x00000000   Number         0  use_no_semi.o ABSOLUTE
    ../../angel/sys.s                        0x00000000   Number         0  sys_stackheap_outer.o ABSOLUTE
    ../../angel/sysapp.c                     0x00000000   Number         0  sys_command.o ABSOLUTE
    ../../angel/sysapp.c                     0x00000000   Number         0  sys_wrch.o ABSOLUTE
    ../../angel/sysapp.c                     0x00000000   Number         0  sys_exit.o ABSOLUTE
    ../../armsys.c                           0x00000000   Number         0  no_argv.o ABSOLUTE
    ../../armsys.c                           0x00000000   Number         0  _get_argv_nomalloc.o ABSOLUTE
    ../../armsys.c                           0x00000000   Number         0  argv_veneer.o ABSOLUTE
    ../../armsys.c                           0x00000000   Number         0  argv_veneer.o ABSOLUTE
    ../../division.s                         0x00000000   Number         0  aeabi_sdiv.o ABSOLUTE
    ../../division.s                         0x00000000   Number         0  aeabi_sdiv_div0.o ABSOLUTE
    ../../divrt.s                            0x00000000   Number         0  divrt_7tdmi.o ABSOLUTE
    ../../divrt.s                            0x00000000   Number         0  divrt_7tdmi_div0.o ABSOLUTE
    ../../fpinit.s                           0x00000000   Number         0  fpinit.o ABSOLUTE
    ../../heapalloc.c                        0x00000000   Number         0  hrguard.o ABSOLUTE
    ../../libinit.s                          0x00000000   Number         0  libinit2.o ABSOLUTE
    ../../libinit.s                          0x00000000   Number         0  libinit.o ABSOLUTE
    ../../libinit.s                          0x00000000   Number         0  libshutdown2.o ABSOLUTE
    ../../libinit.s                          0x00000000   Number         0  libshutdown.o ABSOLUTE
    ../../memcpset.s                         0x00000000   Number         0  rt_memcpy_w.o ABSOLUTE
    ../../memcpset.s                         0x00000000   Number         0  rt_memclr_w.o ABSOLUTE
    ../../signal.c                           0x00000000   Number         0  defsig_rtred_inner.o ABSOLUTE
    ../../signal.c                           0x00000000   Number         0  defsig_fpe_inner.o ABSOLUTE
    ../../signal.c                           0x00000000   Number         0  defsig_abrt_inner.o ABSOLUTE
    ../../signal.c                           0x00000000   Number         0  defsig_pvfn_inner.o ABSOLUTE
    ../../signal.c                           0x00000000   Number         0  defsig_cppl_inner.o ABSOLUTE
    ../../signal.c                           0x00000000   Number         0  defsig_general.o ABSOLUTE
    ../../signal.c                           0x00000000   Number         0  __raise.o ABSOLUTE
    ../../signal.c                           0x00000000   Number         0  defsig_segv_inner.o ABSOLUTE
    ../../signal.c                           0x00000000   Number         0  defsig_rtmem_inner.o ABSOLUTE
    ../../signal.c                           0x00000000   Number         0  defsig_exit.o ABSOLUTE
    ../../signal.c                           0x00000000   Number         0  defsig_rtmem_outer.o ABSOLUTE
    ../../signal.c                           0x00000000   Number         0  defsig_rtmem_formal.o ABSOLUTE
    ../../signal.c                           0x00000000   Number         0  defsig_other.o ABSOLUTE
    ../../signal.c                           0x00000000   Number         0  defsig_stak_inner.o ABSOLUTE
    ../../signal.s                           0x00000000   Number         0  defsig.o ABSOLUTE
    ../../stdlib.c                           0x00000000   Number         0  rand.o ABSOLUTE
    ../../stdlib.c                           0x00000000   Number         0  rand.o ABSOLUTE
    ../../stdlib.c                           0x00000000   Number         0  exit.o ABSOLUTE
    APP\IRQ.s                                0x00000000   Number         0  irq.o ABSOLUTE
    APP\Startup.s                            0x00000000   Number         0  startup.o ABSOLUTE
    APP\main.c                               0x00000000   Number         0  main.o ABSOLUTE
    APP\target.c                             0x00000000   Number         0  target.o ABSOLUTE
    ARM\Os_cpu_a.s                           0x00000000   Number         0  os_cpu_a.o ABSOLUTE
    ARM\Os_cpu_c.c                           0x00000000   Number         0  os_cpu_c.o ABSOLUTE
    dc.s                                     0x00000000   Number         0  dc.o ABSOLUTE
    uCosii\OS_CORE.C                         0x00000000   Number         0  os_core.o ABSOLUTE
    uCosii\OS_FLAG.C                         0x00000000   Number         0  os_flag.o ABSOLUTE
    uCosii\OS_MBOX.C                         0x00000000   Number         0  os_mbox.o ABSOLUTE
    uCosii\OS_MEM.C                          0x00000000   Number         0  os_mem.o ABSOLUTE
    uCosii\OS_MUTEX.C                        0x00000000   Number         0  os_mutex.o ABSOLUTE
    uCosii\OS_Q.C                            0x00000000   Number         0  os_q.o ABSOLUTE
    uCosii\OS_SEM.C                          0x00000000   Number         0  os_sem.o ABSOLUTE
    uCosii\OS_TASK.C                         0x00000000   Number         0  os_task.o ABSOLUTE
    uCosii\OS_TIME.C                         0x00000000   Number         0  os_time.o ABSOLUTE
    Undefined                                0x00000040   ARM Code       0  startup.o(vectors)
    PrefetchAbort                            0x00000044   ARM Code       0  startup.o(vectors)
    DataAbort                                0x00000048   ARM Code       0  startup.o(vectors)
    FIQ_Handler                              0x0000004c   ARM Code       0  startup.o(vectors)
    ResetInit                                0x00000090   ARM Code       0  startup.o(vectors)
    !!!main                                  0x000000c0   Section        8  __main.o(!!!main)
    !!!scatter                               0x000000c8   Section       60  __scatter.o(!!!scatter)
    !!handler_copy                           0x00000104   Section       40  __scatter_copy.o(!!handler_copy)
    !!handler_zi                             0x0000012c   Section       44  __scatter_zi.o(!!handler_zi)
    .ARM.Collect$$libinit$$00000000          0x00000160   Section        6  libinit.o(.ARM.Collect$$libinit$$00000000)
    .ARM.Collect$$libinit$$00000006          0x00000166   Section        0  libinit2.o(.ARM.Collect$$libinit$$00000006)
    .ARM.Collect$$libinit$$00000008          0x00000166   Section        0  libinit2.o(.ARM.Collect$$libinit$$00000008)
    .ARM.Collect$$libinit$$00000009          0x00000166   Section        4  libinit2.o(.ARM.Collect$$libinit$$00000009)
    .ARM.Collect$$libinit$$0000000A          0x0000016a   Section        0  libinit2.o(.ARM.Collect$$libinit$$0000000A)
    .ARM.Collect$$libinit$$0000000D          0x0000016a   Section        0  libinit2.o(.ARM.Collect$$libinit$$0000000D)
    .ARM.Collect$$libinit$$0000000F          0x0000016a   Section        0  libinit2.o(.ARM.Collect$$libinit$$0000000F)
    .ARM.Collect$$libinit$$00000011          0x0000016a   Section        0  libinit2.o(.ARM.Collect$$libinit$$00000011)
    .ARM.Collect$$libinit$$00000013          0x0000016a   Section        0  libinit2.o(.ARM.Collect$$libinit$$00000013)
    .ARM.Collect$$libinit$$00000015          0x0000016a   Section        0  libinit2.o(.ARM.Collect$$libinit$$00000015)
    .ARM.Collect$$libinit$$00000017          0x0000016a   Section        0  libinit2.o(.ARM.Collect$$libinit$$00000017)
    .ARM.Collect$$libinit$$00000019          0x0000016a   Section        0  libinit2.o(.ARM.Collect$$libinit$$00000019)
    .ARM.Collect$$libinit$$0000001B          0x0000016a   Section        0  libinit2.o(.ARM.Collect$$libinit$$0000001B)
    .ARM.Collect$$libinit$$0000001D          0x0000016a   Section        0  libinit2.o(.ARM.Collect$$libinit$$0000001D)
    .ARM.Collect$$libinit$$0000001F          0x0000016a   Section        0  libinit2.o(.ARM.Collect$$libinit$$0000001F)
    .ARM.Collect$$libinit$$00000021          0x0000016a   Section        0  libinit2.o(.ARM.Collect$$libinit$$00000021)
    .ARM.Collect$$libinit$$00000028          0x0000016a   Section        0  libinit2.o(.ARM.Collect$$libinit$$00000028)
    .ARM.Collect$$libinit$$0000002A          0x0000016a   Section        0  libinit2.o(.ARM.Collect$$libinit$$0000002A)
    .ARM.Collect$$libinit$$0000002C          0x0000016a   Section        0  libinit2.o(.ARM.Collect$$libinit$$0000002C)
    .ARM.Collect$$libinit$$0000002E          0x0000016a   Section        0  libinit2.o(.ARM.Collect$$libinit$$0000002E)
    .ARM.Collect$$libinit$$0000002F          0x0000016a   Section       12  libinit2.o(.ARM.Collect$$libinit$$0000002F)
    .ARM.Collect$$libshutdown$$00000000      0x00000180   Section        4  libshutdown.o(.ARM.Collect$$libshutdown$$00000000)
    .ARM.Collect$$libshutdown$$00000003      0x00000184   Section        0  libshutdown2.o(.ARM.Collect$$libshutdown$$00000003)
    .ARM.Collect$$libshutdown$$00000006      0x00000184   Section        0  libshutdown2.o(.ARM.Collect$$libshutdown$$00000006)
    .ARM.Collect$$libshutdown$$00000009      0x00000184   Section        0  libshutdown2.o(.ARM.Collect$$libshutdown$$00000009)
    .ARM.Collect$$libshutdown$$0000000B      0x00000184   Section        0  libshutdown2.o(.ARM.Collect$$libshutdown$$0000000B)
    .ARM.Collect$$libshutdown$$0000000E      0x00000184   Section        0  libshutdown2.o(.ARM.Collect$$libshutdown$$0000000E)
    .ARM.Collect$$libshutdown$$0000000F      0x00000184   Section        6  libshutdown2.o(.ARM.Collect$$libshutdown$$0000000F)
    .ARM.Collect$$rtentry$$00000000          0x0000018c   Section        0  rtentry.o(.ARM.Collect$$rtentry$$00000000)
    .ARM.Collect$$rtentry$$00000002          0x0000018c   Section        0  rtentry2.o(.ARM.Collect$$rtentry$$00000002)
    .ARM.Collect$$rtentry$$00000004          0x0000018c   Section        8  rtentry4.o(.ARM.Collect$$rtentry$$00000004)
    .ARM.Collect$$rtentry$$00000009          0x00000194   Section        0  rtentry2.o(.ARM.Collect$$rtentry$$00000009)
    .ARM.Collect$$rtentry$$0000000A          0x00000194   Section        4  rtentry2.o(.ARM.Collect$$rtentry$$0000000A)
    .ARM.Collect$$rtentry$$0000000C          0x00000198   Section        0  rtentry2.o(.ARM.Collect$$rtentry$$0000000C)
    .ARM.Collect$$rtentry$$0000000D          0x00000198   Section       40  rtentry2.o(.ARM.Collect$$rtentry$$0000000D)
    .ARM.Collect$$rtexit$$00000000           0x000001c4   Section        4  rtexit.o(.ARM.Collect$$rtexit$$00000000)
    .ARM.Collect$$rtexit$$00000002           0x000001c8   Section        0  rtexit2.o(.ARM.Collect$$rtexit$$00000002)
    .ARM.Collect$$rtexit$$00000003           0x000001c8   Section        4  rtexit2.o(.ARM.Collect$$rtexit$$00000003)
    .ARM.Collect$$rtexit$$00000004           0x000001cc   Section        8  rtexit2.o(.ARM.Collect$$rtexit$$00000004)
    .text                                    0x000001d4   Section        0  target.o(.text)
    .text                                    0x000004dc   Section        0  main.o(.text)
    delay_lcd                                0x000004f4   ARM Code      24  main.o(.text)
    lcdcmd                                   0x0000050c   ARM Code     140  main.o(.text)
    debounce                                 0x0000079c   ARM Code      28  main.o(.text)
    delay                                    0x000009f0   ARM Code      28  main.o(.text)
    .text                                    0x00000c0c   Section        0  os_core.o(.text)
    OS_InitTaskStat                          0x00000ce4   ARM Code      68  os_core.o(.text)
    OS_InitTaskIdle                          0x00000d54   ARM Code      68  os_core.o(.text)
    OS_InitEventList                         0x00000d98   ARM Code      80  os_core.o(.text)
    OS_InitTCBList                           0x00000de8   ARM Code     116  os_core.o(.text)
    OS_InitRdyList                           0x00000e5c   ARM Code      88  os_core.o(.text)
    OS_InitMisc                              0x00000eb4   ARM Code      88  os_core.o(.text)
    .text                                    0x0000176c   Section        0  os_flag.o(.text)
    OS_FlagTaskRdy                           0x00001a08   ARM Code     140  os_flag.o(.text)
    OS_FlagBlock                             0x00001bec   ARM Code     220  os_flag.o(.text)
    .text                                    0x000022ac   Section        0  os_mem.o(.text)
    .text                                    0x00002584   Section        0  os_q.o(.text)
    .text                                    0x00002e34   Section        0  os_task.o(.text)
    .text                                    0x000037a0   Section        0  os_time.o(.text)
    .text                                    0x00003a24   Section        0  os_cpu_c.o(.text)
    .text                                    0x00003cb4   Section        0  rand.o(.text)
    .text                                    0x00003cf4   Section      100  rt_memcpy_w.o(.text)
    .text                                    0x00003d58   Section       84  rt_memclr_w.o(.text)
    .text                                    0x00003dac   Section      384  aeabi_sdiv.o(.text)
    __arm_div8                               0x00003dd8   ARM Code       0  aeabi_sdiv.o(.text)
    __arm_div5                               0x00003dfc   ARM Code       0  aeabi_sdiv.o(.text)
    __arm_div2                               0x00003e20   ARM Code       0  aeabi_sdiv.o(.text)
    __arm_div_large                          0x00003e5c   ARM Code       0  aeabi_sdiv.o(.text)
    .text                                    0x00003f2c   Section       96  sys_stackheap_outer.o(.text)
    .text                                    0x00003f8c   Section        0  exit.o(.text)
    .text                                    0x00003f98   Section       12  libspace.o(.text)
    .text                                    0x00003fa4   Section        4  use_no_semi.o(.text)
    .text                                    0x00003fa8   Section       12  rt_fp_status_addr_intlibspace.o(.text)
    .text                                    0x00003fbc   Section        0  sys_exit.o(.text)
    .text_udiv                               0x00003fc8   Section       36  aeabi_sdiv.o(.text_udiv)
    IRQ                                      0x00003fec   Section      272  irq.o(IRQ)
    subr                                     0x000040fc   Section      368  os_cpu_a.o(subr)
    x$fpl$fpinit                             0x00004270   Section       24  fpinit.o(x$fpl$fpinit)
    .constdata                               0x00004288   Section      128  main.o(.constdata)
    .constdata                               0x00004308   Section      264  os_core.o(.constdata)
    .conststring                             0x00004410   Section       50  main.o(.conststring)
    .data                                    0x40000000   Section       25  main.o(.data)
    .data                                    0x4000001c   Section       68  os_core.o(.data)
    .data                                    0x40000060   Section        4  os_cpu_c.o(.data)
    .bss                                     0x40000064   Section      800  main.o(.bss)
    .bss                                     0x40000384   Section     1984  os_core.o(.bss)
    .bss                                     0x40000b44   Section      228  rand.o(.bss)
    .bss                                     0x40000c28   Section       96  libspace.o(.bss)
    MyStacks                                 0x40000c88   Section      288  startup.o(MyStacks)
    IrqStackSpace                            0x40000c88   Data         288  startup.o(MyStacks)
    SWIStacks                                0x40000da8   Section      128  os_cpu_a.o(SWIStacks)
    AbtStackSpace                            0x40000da8   Data           0  startup.o(MyStacks)
    FiqStackSpace                            0x40000da8   Data           0  startup.o(MyStacks)
    SvcStackSpace                            0x40000da8   Data         128  os_cpu_a.o(SWIStacks)
    UndtStackSpace                           0x40000da8   Data           0  startup.o(MyStacks)
    Heap                                     0x40000e28   Section        1  startup.o(Heap)
    Stacks                                   0x40002000   Section        1  startup.o(Stacks)

    Global Symbols

    Symbol Name                              Value     Ov Type        Size  Object(Section)

    BuildAttributes$$THM_ISAv1$ARM_ISAv4$S$PE$A:L22$X:L11$S22$IEEE1$IW$USESV6$~STKCKD$USESV7$~SHL$OSPACE$ROPI$EBA8$UX$STANDARDLIB$REQ8$PRES8$EABIv2 0x00000000   Number         0  anon$$obj.o ABSOLUTE
    Reset                                    0x00000000   ARM Code       0  startup.o(vectors)
    __ARM_use_no_argv                        0x00000000   Number         0  main.o ABSOLUTE
    __ARM_exceptions_init                     - Undefined Weak Reference
    __alloca_initialize                       - Undefined Weak Reference
    __cpp_initialize__aeabi_                  - Undefined Weak Reference
    __cxa_finalize                            - Undefined Weak Reference
    __rt_locale                               - Undefined Weak Reference
    __sigvec_lookup                           - Undefined Weak Reference
    _atexit_init                              - Undefined Weak Reference
    _call_atexit_fns                          - Undefined Weak Reference
    _clock_init                               - Undefined Weak Reference
    _fp_trap_init                             - Undefined Weak Reference
    _fp_trap_shutdown                         - Undefined Weak Reference
    _get_lc_collate                           - Undefined Weak Reference
    _get_lc_ctype                             - Undefined Weak Reference
    _get_lc_monetary                          - Undefined Weak Reference
    _get_lc_numeric                           - Undefined Weak Reference
    _get_lc_time                              - Undefined Weak Reference
    _getenv_init                              - Undefined Weak Reference
    _handle_redirection                       - Undefined Weak Reference
    _init_alloc                               - Undefined Weak Reference
    _init_user_alloc                          - Undefined Weak Reference
    _initio                                   - Undefined Weak Reference
    _signal_finish                            - Undefined Weak Reference
    _signal_init                              - Undefined Weak Reference
    _terminate_alloc                          - Undefined Weak Reference
    _terminate_user_alloc                     - Undefined Weak Reference
    _terminateio                              - Undefined Weak Reference
    __user_initial_stackheap                 0x0000009c   ARM Code       0  startup.o(vectors)
    __rt_div0                                0x000000a4   ARM Code       0  startup.o(vectors)
    __main                                   0x000000c0   ARM Code       8  __main.o(!!!main)
    __scatterload                            0x000000c8   ARM Code       0  __scatter.o(!!!scatter)
    __scatterload_rt2                        0x000000c8   ARM Code      52  __scatter.o(!!!scatter)
    __scatterload_null                       0x000000dc   ARM Code       0  __scatter.o(!!!scatter)
    __scatterload_copy                       0x00000104   ARM Code      40  __scatter_copy.o(!!handler_copy)
    __scatterload_zeroinit                   0x0000012c   ARM Code      44  __scatter_zi.o(!!handler_zi)
    Inline ARM to Thumb Veneer to __rt_lib_init 0x00000158   ARM Code       8  libinit.o(.ARM.Collect$$libinit$$00000000)
    __rt_lib_init                            0x00000161   Thumb Code     0  libinit.o(.ARM.Collect$$libinit$$00000000)
    __rt_lib_init_heap_1                     0x00000167   Thumb Code     0  libinit2.o(.ARM.Collect$$libinit$$00000006)
    __rt_lib_init_rand_2                     0x00000167   Thumb Code     0  libinit2.o(.ARM.Collect$$libinit$$00000009)
    __rt_lib_init_user_alloc_1               0x00000167   Thumb Code     0  libinit2.o(.ARM.Collect$$libinit$$00000008)
    __rt_lib_init_alloca_1                   0x0000016b   Thumb Code     0  libinit2.o(.ARM.Collect$$libinit$$0000002A)
    __rt_lib_init_argv_1                     0x0000016b   Thumb Code     0  libinit2.o(.ARM.Collect$$libinit$$00000028)
    __rt_lib_init_atexit_1                   0x0000016b   Thumb Code     0  libinit2.o(.ARM.Collect$$libinit$$00000017)
    __rt_lib_init_clock_1                    0x0000016b   Thumb Code     0  libinit2.o(.ARM.Collect$$libinit$$0000001D)
    __rt_lib_init_cpp_1                      0x0000016b   Thumb Code     0  libinit2.o(.ARM.Collect$$libinit$$0000002E)
    __rt_lib_init_exceptions_1               0x0000016b   Thumb Code     0  libinit2.o(.ARM.Collect$$libinit$$0000002C)
    __rt_lib_init_fp_trap_1                  0x0000016b   Thumb Code     0  libinit2.o(.ARM.Collect$$libinit$$0000001B)
    __rt_lib_init_getenv_1                   0x0000016b   Thumb Code     0  libinit2.o(.ARM.Collect$$libinit$$0000001F)
    __rt_lib_init_lc_collate_1               0x0000016b   Thumb Code     0  libinit2.o(.ARM.Collect$$libinit$$0000000D)
    __rt_lib_init_lc_ctype_1                 0x0000016b   Thumb Code     0  libinit2.o(.ARM.Collect$$libinit$$0000000F)
    __rt_lib_init_lc_monetary_1              0x0000016b   Thumb Code     0  libinit2.o(.ARM.Collect$$libinit$$00000011)
    __rt_lib_init_lc_numeric_1               0x0000016b   Thumb Code     0  libinit2.o(.ARM.Collect$$libinit$$00000013)
    __rt_lib_init_lc_time_1                  0x0000016b   Thumb Code     0  libinit2.o(.ARM.Collect$$libinit$$00000015)
    __rt_lib_init_rand_1                     0x0000016b   Thumb Code     0  libinit2.o(.ARM.Collect$$libinit$$0000000A)
    __rt_lib_init_return                     0x0000016b   Thumb Code     0  libinit2.o(.ARM.Collect$$libinit$$0000002F)
    __rt_lib_init_signal_1                   0x0000016b   Thumb Code     0  libinit2.o(.ARM.Collect$$libinit$$00000019)
    __rt_lib_init_stdio_1                    0x0000016b   Thumb Code     0  libinit2.o(.ARM.Collect$$libinit$$00000021)
    Inline ARM to Thumb Veneer to __rt_lib_shutdown 0x00000178   ARM Code       8  libshutdown.o(.ARM.Collect$$libshutdown$$00000000)
    __rt_lib_shutdown                        0x00000181   Thumb Code     0  libshutdown.o(.ARM.Collect$$libshutdown$$00000000)
    __rt_lib_shutdown_fp_trap_1              0x00000185   Thumb Code     0  libshutdown2.o(.ARM.Collect$$libshutdown$$00000006)
    __rt_lib_shutdown_heap_1                 0x00000185   Thumb Code     0  libshutdown2.o(.ARM.Collect$$libshutdown$$0000000E)
    __rt_lib_shutdown_return                 0x00000185   Thumb Code     0  libshutdown2.o(.ARM.Collect$$libshutdown$$0000000F)
    __rt_lib_shutdown_signal_1               0x00000185   Thumb Code     0  libshutdown2.o(.ARM.Collect$$libshutdown$$00000009)
    __rt_lib_shutdown_stdio_1                0x00000185   Thumb Code     0  libshutdown2.o(.ARM.Collect$$libshutdown$$00000003)
    __rt_lib_shutdown_user_alloc_1           0x00000185   Thumb Code     0  libshutdown2.o(.ARM.Collect$$libshutdown$$0000000B)
    __rt_entry                               0x0000018c   ARM Code       0  rtentry.o(.ARM.Collect$$rtentry$$00000000)
    __rt_entry_presh_1                       0x0000018c   ARM Code       0  rtentry2.o(.ARM.Collect$$rtentry$$00000002)
    __rt_entry_sh                            0x0000018c   ARM Code       0  rtentry4.o(.ARM.Collect$$rtentry$$00000004)
    __rt_entry_li                            0x00000194   ARM Code       0  rtentry2.o(.ARM.Collect$$rtentry$$0000000A)
    __rt_entry_postsh_1                      0x00000194   ARM Code       0  rtentry2.o(.ARM.Collect$$rtentry$$00000009)
    __rt_entry_main                          0x00000198   ARM Code       0  rtentry2.o(.ARM.Collect$$rtentry$$0000000D)
    __rt_entry_postli_1                      0x00000198   ARM Code       0  rtentry2.o(.ARM.Collect$$rtentry$$0000000C)
    Inline Thumb to ARM Veneer to __rt_exit  0x000001c1   Thumb Code     4  rtexit.o(.ARM.Collect$$rtexit$$00000000)
    __rt_exit                                0x000001c4   ARM Code       0  rtexit.o(.ARM.Collect$$rtexit$$00000000)
    __rt_exit_ls                             0x000001c8   ARM Code       0  rtexit2.o(.ARM.Collect$$rtexit$$00000003)
    __rt_exit_prels_1                        0x000001c8   ARM Code       0  rtexit2.o(.ARM.Collect$$rtexit$$00000002)
    __rt_exit_exit                           0x000001cc   ARM Code       0  rtexit2.o(.ARM.Collect$$rtexit$$00000004)
    IRQ_Exception                            0x000001d4   ARM Code       8  target.o(.text)
    FIQ_Exception                            0x000001dc   ARM Code       8  target.o(.text)
    Timer0_Exception                         0x000001e4   ARM Code      36  target.o(.text)
    Timer0Init                               0x00000208   ARM Code      48  target.o(.text)
    VICInit                                  0x00000238   ARM Code      48  target.o(.text)
    TargetInit                               0x00000268   ARM Code      36  target.o(.text)
    delay                                    0x0000028c   ARM Code      28  target.o(.text)
    LED_FLASH                                0x000002a8   ARM Code      52  target.o(.text)
    LED_RUNNING_LIGHT                        0x000002dc   ARM Code      52  target.o(.text)
    InitialiseUART0                          0x00000310   ARM Code     148  target.o(.text)
    TargetResetInit                          0x000003a4   ARM Code     260  target.o(.text)
    waitOnPowerOnForLCD                      0x000004dc   ARM Code      24  main.o(.text)
    LCDInit                                  0x00000598   ARM Code     104  main.o(.text)
    cursratline1clm1                         0x00000600   ARM Code      20  main.o(.text)
    inccursor                                0x00000614   ARM Code      20  main.o(.text)
    clrscreen                                0x00000628   ARM Code      28  main.o(.text)
    lcddata                                  0x00000644   ARM Code     140  main.o(.text)
    DisplayLCD                               0x000006d0   ARM Code      52  main.o(.text)
    h2disp                                   0x00000704   ARM Code      84  main.o(.text)
    ledinit                                  0x00000758   ARM Code      68  main.o(.text)
    keyread1                                 0x000007b8   ARM Code     252  main.o(.text)
    keyinit                                  0x000008b4   ARM Code      48  main.o(.text)
    keyread                                  0x000008e4   ARM Code     268  main.o(.text)
    led                                      0x00000a0c   ARM Code      44  main.o(.text)
    Delay                                    0x00000a38   ARM Code      44  main.o(.text)
    Task2                                    0x00000a64   ARM Code     116  main.o(.text)
    Task1                                    0x00000ad8   ARM Code     120  main.o(.text)
    main                                     0x00000b50   ARM Code      96  main.o(.text)
    OS_TaskStat                              0x00000c0c   ARM Code     216  os_core.o(.text)
    OS_TaskIdle                              0x00000d28   ARM Code      44  os_core.o(.text)
    OSInit                                   0x00000f0c   ARM Code      56  os_core.o(.text)
    OSIntEnter                               0x00000f44   ARM Code      56  os_core.o(.text)
    OSIntExit                                0x00000f7c   ARM Code     244  os_core.o(.text)
    OSSchedLock                              0x00001070   ARM Code      72  os_core.o(.text)
    OS_Sched                                 0x000010b8   ARM Code     168  os_core.o(.text)
    OSSchedUnlock                            0x00001160   ARM Code     124  os_core.o(.text)
    OSStart                                  0x000011dc   ARM Code     132  os_core.o(.text)
    OSStatInit                               0x00001260   ARM Code      84  os_core.o(.text)
    OSTimeTick                               0x000012b4   ARM Code     212  os_core.o(.text)
    OSVersion                                0x00001388   ARM Code       8  os_core.o(.text)
    OS_Dummy                                 0x00001390   ARM Code       4  os_core.o(.text)
    OS_EventTaskRdy                          0x00001394   ARM Code     196  os_core.o(.text)
    OS_EventTaskWait                         0x00001458   ARM Code     188  os_core.o(.text)
    OS_EventTO                               0x00001514   ARM Code     116  os_core.o(.text)
    OS_EventWaitListInit                     0x00001588   ARM Code      28  os_core.o(.text)
    OS_TCBInit                               0x000015a4   ARM Code     336  os_core.o(.text)
    OSFlagAccept                             0x0000176c   ARM Code     440  os_flag.o(.text)
    OSFlagCreate                             0x00001924   ARM Code     140  os_flag.o(.text)
    OS_FlagUnlink                            0x000019b0   ARM Code      88  os_flag.o(.text)
    OSFlagDel                                0x00001a94   ARM Code     344  os_flag.o(.text)
    OSFlagPend                               0x00001cc8   ARM Code     816  os_flag.o(.text)
    OSFlagPost                               0x00001ff8   ARM Code     496  os_flag.o(.text)
    OSFlagQuery                              0x000021e8   ARM Code      96  os_flag.o(.text)
    OS_FlagInit                              0x00002248   ARM Code      76  os_flag.o(.text)
    OSMemCreate                              0x000022ac   ARM Code     252  os_mem.o(.text)
    OSMemGet                                 0x000023a8   ARM Code     120  os_mem.o(.text)
    OSMemPut                                 0x00002420   ARM Code     116  os_mem.o(.text)
    OSMemQuery                               0x00002494   ARM Code     120  os_mem.o(.text)
    OS_MemInit                               0x0000250c   ARM Code     112  os_mem.o(.text)
    OSQAccept                                0x00002584   ARM Code     140  os_q.o(.text)
    OSQCreate                                0x00002610   ARM Code     236  os_q.o(.text)
    OSQDel                                   0x000026fc   ARM Code     392  os_q.o(.text)
    OSQFlush                                 0x00002884   ARM Code      92  os_q.o(.text)
    OSQPend                                  0x000028e0   ARM Code     364  os_q.o(.text)
    OSQPost                                  0x00002a4c   ARM Code     216  os_q.o(.text)
    OSQPostFront                             0x00002b24   ARM Code     220  os_q.o(.text)
    OSQPostOpt                               0x00002c00   ARM Code     320  os_q.o(.text)
    OSQQuery                                 0x00002d40   ARM Code     156  os_q.o(.text)
    OS_QInit                                 0x00002ddc   ARM Code      68  os_q.o(.text)
    OSTaskChangePrio                         0x00002e34   ARM Code     460  os_task.o(.text)
    OSTaskCreate                             0x00003000   ARM Code     236  os_task.o(.text)
    OSTaskCreateExt                          0x000030ec   ARM Code     280  os_task.o(.text)
    OSTaskDel                                0x00003204   ARM Code     508  os_task.o(.text)
    OSTaskDelReq                             0x00003400   ARM Code     140  os_task.o(.text)
    OSTaskResume                             0x0000348c   ARM Code     192  os_task.o(.text)
    OSTaskStkChk                             0x0000354c   ARM Code     192  os_task.o(.text)
    OSTaskSuspend                            0x0000360c   ARM Code     240  os_task.o(.text)
    OSTaskQuery                              0x000036fc   ARM Code     120  os_task.o(.text)
    OSTimeDly                                0x000037a0   ARM Code     140  os_time.o(.text)
    OSTimeDlyHMSM                            0x0000382c   ARM Code     232  os_time.o(.text)
    OSTimeDlyResume                          0x00003914   ARM Code     184  os_time.o(.text)
    OSTimeGet                                0x000039cc   ARM Code      32  os_time.o(.text)
    OSTimeSet                                0x000039ec   ARM Code      32  os_time.o(.text)
    OSTaskStkInit                            0x00003a24   ARM Code     232  os_cpu_c.o(.text)
    SWI_Exception                            0x00003b0c   ARM Code     344  os_cpu_c.o(.text)
    OSStartHighRdy                           0x00003c64   ARM Code      16  os_cpu_c.o(.text)
    OSInitHookBegin                          0x00003c74   ARM Code       4  os_cpu_c.o(.text)
    OSInitHookEnd                            0x00003c78   ARM Code       4  os_cpu_c.o(.text)
    OSTaskCreateHook                         0x00003c7c   ARM Code       8  os_cpu_c.o(.text)
    OSTaskDelHook                            0x00003c84   ARM Code       8  os_cpu_c.o(.text)
    OSTaskSwHook                             0x00003c8c   ARM Code       4  os_cpu_c.o(.text)
    OSTaskStatHook                           0x00003c90   ARM Code       4  os_cpu_c.o(.text)
    OSTCBInitHook                            0x00003c94   ARM Code       8  os_cpu_c.o(.text)
    OSTimeTickHook                           0x00003c9c   ARM Code       4  os_cpu_c.o(.text)
    OSTaskIdleHook                           0x00003ca0   ARM Code       4  os_cpu_c.o(.text)
    Inline ARM to Thumb Veneer to srand      0x00003cac   ARM Code       8  rand.o(.text)
    srand                                    0x00003cb5   Thumb Code    48  rand.o(.text)
    _rand_init                               0x00003ce5   Thumb Code     4  rand.o(.text)
    __aeabi_memcpy4                          0x00003cf4   ARM Code       0  rt_memcpy_w.o(.text)
    __aeabi_memcpy8                          0x00003cf4   ARM Code       0  rt_memcpy_w.o(.text)
    __rt_memcpy_w                            0x00003cf4   ARM Code     100  rt_memcpy_w.o(.text)
    _memcpy_lastbytes_aligned                0x00003d40   ARM Code       0  rt_memcpy_w.o(.text)
    __aeabi_memclr4                          0x00003d58   ARM Code       0  rt_memclr_w.o(.text)
    __aeabi_memclr8                          0x00003d58   ARM Code       0  rt_memclr_w.o(.text)
    __rt_memclr_w                            0x00003d58   ARM Code      84  rt_memclr_w.o(.text)
    _memset_w                                0x00003d5c   ARM Code       0  rt_memclr_w.o(.text)
    __aeabi_idiv                             0x00003dac   ARM Code       0  aeabi_sdiv.o(.text)
    __aeabi_idivmod                          0x00003dac   ARM Code     384  aeabi_sdiv.o(.text)
    __user_setup_stackheap                   0x00003f2c   ARM Code      96  sys_stackheap_outer.o(.text)
    exit                                     0x00003f8d   Thumb Code    12  exit.o(.text)
    __user_libspace                          0x00003f98   ARM Code      12  libspace.o(.text)
    __user_perproc_libspace                  0x00003f98   ARM Code       0  libspace.o(.text)
    __user_perthread_libspace                0x00003f98   ARM Code       0  libspace.o(.text)
    __I$use$semihosting                      0x00003fa4   ARM Code       0  use_no_semi.o(.text)
    __use_no_semihosting_swi                 0x00003fa4   ARM Code       4  use_no_semi.o(.text)
    __rt_fp_status_addr                      0x00003fa8   ARM Code      12  rt_fp_status_addr_intlibspace.o(.text)
    Inline ARM to Thumb Veneer to _sys_exit  0x00003fb4   ARM Code       8  sys_exit.o(.text)
    _sys_exit                                0x00003fbd   Thumb Code     8  sys_exit.o(.text)
    __aeabi_uidiv                            0x00003fc8   ARM Code       0  aeabi_sdiv.o(.text_udiv)
    __aeabi_uidivmod                         0x00003fc8   ARM Code      36  aeabi_sdiv.o(.text_udiv)
    IRQ_Handler                              0x00003fec   ARM Code       0  irq.o(IRQ)
    Timer0_Handler                           0x00004068   ARM Code       0  irq.o(IRQ)
    SoftwareInterrupt                        0x000040fc   ARM Code       0  os_cpu_a.o(subr)
    OSIntCtxSw                               0x00004138   ARM Code       0  os_cpu_a.o(subr)
    __OSStartHighRdy                         0x00004228   ARM Code       0  os_cpu_a.o(subr)
    Inline Thumb to ARM Veneer to _fp_init   0x0000426d   Thumb Code     4  fpinit.o(x$fpl$fpinit)
    _fp_init                                 0x00004270   ARM Code      24  fpinit.o(x$fpl$fpinit)
    __fplib_config_pureend_doubles           0x00004280   ARM Code       0  fpinit.o(x$fpl$fpinit)
    OSMapTbl                                 0x00004308   Data           8  os_core.o(.constdata)
    OSUnMapTbl                               0x00004310   Data         256  os_core.o(.constdata)
    Region$$Table$$Base                      0x00004444   Number         0  anon$$obj.o(Region$$Table)
    Region$$Table$$Limit                     0x00004464   Number         0  anon$$obj.o(Region$$Table)
    msg                                      0x40000000   Data          20  main.o(.data)
    Message_Queue1                           0x40000014   Data           4  main.o(.data)
    key                                      0x40000018   Data           1  main.o(.data)
    OSCtxSwCtr                               0x4000001c   Data           4  os_core.o(.data)
    OSEventFreeList                          0x40000020   Data           4  os_core.o(.data)
    OSFlagFreeList                           0x40000024   Data           4  os_core.o(.data)
    OSCPUUsage                               0x40000028   Data           1  os_core.o(.data)
    OSIdleCtrMax                             0x4000002c   Data           4  os_core.o(.data)
    OSIdleCtrRun                             0x40000030   Data           4  os_core.o(.data)
    OSStatRdy                                0x40000034   Data           1  os_core.o(.data)
    OSIntNesting                             0x40000035   Data           1  os_core.o(.data)
    OSIntExitY                               0x40000036   Data           1  os_core.o(.data)
    OSLockNesting                            0x40000037   Data           1  os_core.o(.data)
    OSPrioCur                                0x40000038   Data           1  os_core.o(.data)
    OSPrioHighRdy                            0x40000039   Data           1  os_core.o(.data)
    OSRdyGrp                                 0x4000003a   Data           1  os_core.o(.data)
    OSRdyTbl                                 0x4000003b   Data           2  os_core.o(.data)
    OSRunning                                0x4000003d   Data           1  os_core.o(.data)
    OSTaskCtr                                0x4000003e   Data           1  os_core.o(.data)
    OSIdleCtr                                0x40000040   Data           4  os_core.o(.data)
    OSTCBCur                                 0x40000044   Data           4  os_core.o(.data)
    OSTCBFreeList                            0x40000048   Data           4  os_core.o(.data)
    OSTCBHighRdy                             0x4000004c   Data           4  os_core.o(.data)
    OSTCBList                                0x40000050   Data           4  os_core.o(.data)
    OSMemFreeList                            0x40000054   Data           4  os_core.o(.data)
    OSQFreeList                              0x40000058   Data           4  os_core.o(.data)
    OSTime                                   0x4000005c   Data           4  os_core.o(.data)
    OsEnterSum                               0x40000060   Data           4  os_cpu_c.o(.data)
    Task1Stack                               0x40000064   Data         400  main.o(.bss)
    Task2Stack                               0x400001f4   Data         400  main.o(.bss)
    OSEventTbl                               0x40000384   Data          24  os_core.o(.bss)
    OSFlagTbl                                0x4000039c   Data          60  os_core.o(.bss)
    OSTaskStatStk                            0x400003d8   Data         512  os_core.o(.bss)
    OSTaskIdleStk                            0x400005d8   Data         512  os_core.o(.bss)
    OSTCBPrioTbl                             0x400007d8   Data          52  os_core.o(.bss)
    OSTCBTbl                                 0x4000080c   Data         676  os_core.o(.bss)
    OSMemTbl                                 0x40000ab0   Data         100  os_core.o(.bss)
    OSQTbl                                   0x40000b14   Data          48  os_core.o(.bss)
    _random_number_data                      0x40000b44   Data         228  rand.o(.bss)
    __libspace_start                         0x40000c28   Data          96  libspace.o(.bss)
    __temporary_stack_top$libspace           0x40000c88   Data           0  libspace.o(.bss)
    bottom_of_heap                           0x40000e28   Data           1  startup.o(Heap)
    StackUsr                                 0x40002000   Data           1  startup.o(Stacks)



==============================================================================

Memory Map of the image

  Image Entry point : 0x000000c0

  Load Region ROM_LOAD (Base: 0x00000000, Size: 0x000044c8, Max: 0xffffffff, ABSOLUTE)

    Execution Region ROM_EXEC (Base: 0x00000000, Size: 0x00004464, Max: 0xffffffff, ABSOLUTE)

    Base Addr    Size         Type   Attr      Idx    E Section Name        Object

    0x00000000   0x000000c0   Code   RO           96    vectors             startup.o
    0x000000c0   0x00000008   Code   RO          300  * !!!main             c_t.l(__main.o)
    0x000000c8   0x0000003c   Code   RO          468    !!!scatter          c_t.l(__scatter.o)
    0x00000104   0x00000028   Code   RO          470    !!handler_copy      c_t.l(__scatter_copy.o)
    0x0000012c   0x0000002c   Code   RO          472    !!handler_zi        c_t.l(__scatter_zi.o)
    0x00000158   0x00000008   Ven    RO          383    .ARM.Collect$$libinit$$00000000  c_t.l(libinit.o)
    0x00000160   0x00000006   Code   RO          383    .ARM.Collect$$libinit$$00000000  c_t.l(libinit.o)
    0x00000166   0x00000000   Code   RO          310    .ARM.Collect$$libinit$$00000006  c_t.l(libinit2.o)
    0x00000166   0x00000000   Code   RO          312    .ARM.Collect$$libinit$$00000008  c_t.l(libinit2.o)
    0x00000166   0x00000004   Code   RO          313    .ARM.Collect$$libinit$$00000009  c_t.l(libinit2.o)
    0x0000016a   0x00000000   Code   RO          314    .ARM.Collect$$libinit$$0000000A  c_t.l(libinit2.o)
    0x0000016a   0x00000000   Code   RO          317    .ARM.Collect$$libinit$$0000000D  c_t.l(libinit2.o)
    0x0000016a   0x00000000   Code   RO          319    .ARM.Collect$$libinit$$0000000F  c_t.l(libinit2.o)
    0x0000016a   0x00000000   Code   RO          321    .ARM.Collect$$libinit$$00000011  c_t.l(libinit2.o)
    0x0000016a   0x00000000   Code   RO          323    .ARM.Collect$$libinit$$00000013  c_t.l(libinit2.o)
    0x0000016a   0x00000000   Code   RO          325    .ARM.Collect$$libinit$$00000015  c_t.l(libinit2.o)
    0x0000016a   0x00000000   Code   RO          327    .ARM.Collect$$libinit$$00000017  c_t.l(libinit2.o)
    0x0000016a   0x00000000   Code   RO          329    .ARM.Collect$$libinit$$00000019  c_t.l(libinit2.o)
    0x0000016a   0x00000000   Code   RO          331    .ARM.Collect$$libinit$$0000001B  c_t.l(libinit2.o)
    0x0000016a   0x00000000   Code   RO          333    .ARM.Collect$$libinit$$0000001D  c_t.l(libinit2.o)
    0x0000016a   0x00000000   Code   RO          335    .ARM.Collect$$libinit$$0000001F  c_t.l(libinit2.o)
    0x0000016a   0x00000000   Code   RO          337    .ARM.Collect$$libinit$$00000021  c_t.l(libinit2.o)
    0x0000016a   0x00000000   Code   RO          341    .ARM.Collect$$libinit$$00000028  c_t.l(libinit2.o)
    0x0000016a   0x00000000   Code   RO          343    .ARM.Collect$$libinit$$0000002A  c_t.l(libinit2.o)
    0x0000016a   0x00000000   Code   RO          345    .ARM.Collect$$libinit$$0000002C  c_t.l(libinit2.o)
    0x0000016a   0x00000000   Code   RO          347    .ARM.Collect$$libinit$$0000002E  c_t.l(libinit2.o)
    0x0000016a   0x0000000c   Code   RO          348    .ARM.Collect$$libinit$$0000002F  c_t.l(libinit2.o)
    0x00000176   0x00000002   PAD
    0x00000178   0x00000008   Ven    RO          430    .ARM.Collect$$libshutdown$$00000000  c_t.l(libshutdown.o)
    0x00000180   0x00000004   Code   RO          430    .ARM.Collect$$libshutdown$$00000000  c_t.l(libshutdown.o)
    0x00000184   0x00000000   Code   RO          437    .ARM.Collect$$libshutdown$$00000003  c_t.l(libshutdown2.o)
    0x00000184   0x00000000   Code   RO          440    .ARM.Collect$$libshutdown$$00000006  c_t.l(libshutdown2.o)
    0x00000184   0x00000000   Code   RO          443    .ARM.Collect$$libshutdown$$00000009  c_t.l(libshutdown2.o)
    0x00000184   0x00000000   Code   RO          445    .ARM.Collect$$libshutdown$$0000000B  c_t.l(libshutdown2.o)
    0x00000184   0x00000000   Code   RO          448    .ARM.Collect$$libshutdown$$0000000E  c_t.l(libshutdown2.o)
    0x00000184   0x00000006   Code   RO          449    .ARM.Collect$$libshutdown$$0000000F  c_t.l(libshutdown2.o)
    0x0000018a   0x00000002   PAD
    0x0000018c   0x00000000   Code   RO          302    .ARM.Collect$$rtentry$$00000000  c_t.l(rtentry.o)
    0x0000018c   0x00000000   Code   RO          350    .ARM.Collect$$rtentry$$00000002  c_t.l(rtentry2.o)
    0x0000018c   0x00000008   Code   RO          365    .ARM.Collect$$rtentry$$00000004  c_t.l(rtentry4.o)
    0x00000194   0x00000000   Code   RO          352    .ARM.Collect$$rtentry$$00000009  c_t.l(rtentry2.o)
    0x00000194   0x00000004   Code   RO          353    .ARM.Collect$$rtentry$$0000000A  c_t.l(rtentry2.o)
    0x00000198   0x00000000   Code   RO          355    .ARM.Collect$$rtentry$$0000000C  c_t.l(rtentry2.o)
    0x00000198   0x00000028   Code   RO          356    .ARM.Collect$$rtentry$$0000000D  c_t.l(rtentry2.o)
    0x000001c0   0x00000004   Ven    RO          389    .ARM.Collect$$rtexit$$00000000  c_t.l(rtexit.o)
    0x000001c4   0x00000004   Code   RO          389    .ARM.Collect$$rtexit$$00000000  c_t.l(rtexit.o)
    0x000001c8   0x00000000   Code   RO          402    .ARM.Collect$$rtexit$$00000002  c_t.l(rtexit2.o)
    0x000001c8   0x00000004   Code   RO          403    .ARM.Collect$$rtexit$$00000003  c_t.l(rtexit2.o)
    0x000001cc   0x00000008   Code   RO          404    .ARM.Collect$$rtexit$$00000004  c_t.l(rtexit2.o)
    0x000001d4   0x00000308   Code   RO            1    .text               target.o
    0x000004dc   0x00000730   Code   RO           62    .text               main.o
    0x00000c0c   0x00000b60   Code   RO          102    .text               os_core.o
    0x0000176c   0x00000b40   Code   RO          132    .text               os_flag.o
    0x000022ac   0x000002d8   Code   RO          160    .text               os_mem.o
    0x00002584   0x000008b0   Code   RO          184    .text               os_q.o
    0x00002e34   0x0000096c   Code   RO          208    .text               os_task.o
    0x000037a0   0x00000284   Code   RO          220    .text               os_time.o
    0x00003a24   0x00000288   Code   RO          232    .text               os_cpu_c.o
    0x00003cac   0x00000008   Ven    RO          276    .text               c_t.l(rand.o)
    0x00003cb4   0x00000040   Code   RO          276    .text               c_t.l(rand.o)
    0x00003cf4   0x00000064   Code   RO          280    .text               c_t.l(rt_memcpy_w.o)
    0x00003d58   0x00000054   Code   RO          282    .text               c_t.l(rt_memclr_w.o)
    0x00003dac   0x00000180   Code   RO          284    .text               c_t.l(aeabi_sdiv.o)
    0x00003f2c   0x00000060   Code   RO          369    .text               c_t.l(sys_stackheap_outer.o)
    0x00003f8c   0x0000000c   Code   RO          371    .text               c_t.l(exit.o)
    0x00003f98   0x0000000c   Code   RO          386    .text               c_t.l(libspace.o)
    0x00003fa4   0x00000004   Code   RO          399    .text               c_t.l(use_no_semi.o)
    0x00003fa8   0x0000000c   Code   RO          414    .text               c_t.l(rt_fp_status_addr_intlibspace.o)
    0x00003fb4   0x00000008   Ven    RO          420    .text               c_t.l(sys_exit.o)
    0x00003fbc   0x0000000c   Code   RO          420    .text               c_t.l(sys_exit.o)
    0x00003fc8   0x00000024   Code   RO          285    .text_udiv          c_t.l(aeabi_sdiv.o)
    0x00003fec   0x00000110   Code   RO           92    IRQ                 irq.o
    0x000040fc   0x00000170   Code   RO          269    subr                os_cpu_a.o
    0x0000426c   0x00000004   Ven    RO          397    x$fpl$fpinit        fz_ts.l(fpinit.o)
    0x00004270   0x00000018   Code   RO          397    x$fpl$fpinit        fz_ts.l(fpinit.o)
    0x00004288   0x00000080   Data   RO           64    .constdata          main.o
    0x00004308   0x00000108   Data   RO          104    .constdata          os_core.o
    0x00004410   0x00000032   Data   RO           65    .conststring        main.o
    0x00004442   0x00000002   PAD
    0x00004444   0x00000020   Data   RO          466    Region$$Table       anon$$obj.o


    Execution Region IRAM (Base: 0x40000000, Size: 0x00000e28, Max: 0xffffffff, ABSOLUTE)

    Base Addr    Size         Type   Attr      Idx    E Section Name        Object

    0x40000000   0x00000019   Data   RW           66    .data               main.o
    0x40000019   0x00000003   PAD
    0x4000001c   0x00000044   Data   RW          105    .data               os_core.o
    0x40000060   0x00000004   Data   RW          233    .data               os_cpu_c.o
    0x40000064   0x00000320   Zero   RW           63    .bss                main.o
    0x40000384   0x000007c0   Zero   RW          103    .bss                os_core.o
    0x40000b44   0x000000e4   Zero   RW          277    .bss                c_t.l(rand.o)
    0x40000c28   0x00000060   Zero   RW          387    .bss                c_t.l(libspace.o)
    0x40000c88   0x00000120   Zero   RW           97    MyStacks            startup.o
    0x40000da8   0x00000080   Zero   RW          270    SWIStacks           os_cpu_a.o


    Execution Region HEAP (Base: 0x40000e28, Size: 0x00000004, Max: 0xffffffff, ABSOLUTE, UNINIT)

    Base Addr    Size         Type   Attr      Idx    E Section Name        Object

    0x40000e28   0x00000001   Zero   RW           98    Heap                startup.o


    Execution Region STACKS (Base: 0x40002000, Size: 0x00000004, Max: 0xffffffff, ABSOLUTE, UNINIT)

    Base Addr    Size         Type   Attr      Idx    E Section Name        Object

    0x40002000   0x00000001   Zero   RW           99    Stacks              startup.o


==============================================================================

Image component sizes


      Code (inc. data)   RO Data    RW Data    ZI Data      Debug   Object Name

       272         24          0          0          0        204   irq.o
      1840         92        178         25        800       5012   main.o
      2912        120        264         68       1984      13266   os_core.o
       368         40          0          0        128        280   os_cpu_a.o
       648          8          0          4          0      10066   os_cpu_c.o
      2880         24          0          0          0      11141   os_flag.o
       728          8          0          0          0       2370   os_mem.o
      2224         20          0          0          0       4776   os_q.o
      2412         44          0          0          0       5199   os_task.o
       644         24          0          0          0       1766   os_time.o
       192         60          0          0        290        248   startup.o
       776         52          0          0          0      11551   target.o

    ----------------------------------------------------------------------
     15896        516        476        100       3208      65879   Object Totals
         0          0         32          0          0          0   (incl. Generated)
         0          0          2          3          6          1   (incl. Padding)

    ----------------------------------------------------------------------

      Code (inc. data)   RO Data    RW Data    ZI Data      Debug   Library Member Name

         8          0          0          0          0         68   __main.o
        60          8          0          0          0          0   __scatter.o
        40          0          0          0          0          0   __scatter_copy.o
        44          0          0          0          0          0   __scatter_zi.o
       420          0          0          0          0        148   aeabi_sdiv.o
        12          0          0          0          0         60   exit.o
        14          0          0          0          0          0   libinit.o
        16          0          0          0          0          0   libinit2.o
        12          0          0          0          0          0   libshutdown.o
         6          0          0          0          0          0   libshutdown2.o
        12          4          0          0         96         68   libspace.o
        72         12          0          0        228         88   rand.o
        12          4          0          0          0         68   rt_fp_status_addr_intlibspace.o
        84          0          0          0          0         80   rt_memclr_w.o
       100          0          0          0          0         80   rt_memcpy_w.o
         0          0          0          0          0          0   rtentry.o
        44          4          0          0          0          0   rtentry2.o
         8          0          0          0          0          0   rtentry4.o
         8          0          0          0          0          0   rtexit.o
        12          0          0          0          0          0   rtexit2.o
        20          4          0          0          0         60   sys_exit.o
        96          0          0          0          0         80   sys_stackheap_outer.o
         4          0          0          0          0         68   use_no_semi.o
        28          0          0          0          0         80   fpinit.o

    ----------------------------------------------------------------------
      1136         36          0          0        324        948   Library Totals
         4          0          0          0          0          0   (incl. Padding)

    ----------------------------------------------------------------------

      Code (inc. data)   RO Data    RW Data    ZI Data      Debug   Library Name

      1104         36          0          0        324        868   c_t.l
        28          0          0          0          0         80   fz_ts.l

    ----------------------------------------------------------------------
      1136         36          0          0        324        948   Library Totals

    ----------------------------------------------------------------------

==============================================================================


      Code (inc. data)   RO Data    RW Data    ZI Data      Debug   

     17032        552        476        100       3532      65544   Grand Totals
     17032        552        476        100       3532      65544   ELF Image Totals
     17032        552        476        100          0          0   ROM Totals

==============================================================================

    Total RO  Size (Code + RO Data)                17508 (  17.10kB)
    Total RW  Size (RW Data + ZI Data)              3632 (   3.55kB)
    Total ROM Size (Code + RO Data + RW Data)      17608 (  17.20kB)

==============================================================================

